// Jest Snapshot v1, https://goo.gl/fbAQLP

exports[`<ArticleCard /> should render correctly 1`] = `
<div
  className="article-container"
>
  <article
    className="media"
  >
    <div
      className="media-left"
    >
      <div
        className="votes"
      >
        <div
          className="vote-up"
        >
          <i
            className="fa fa-chevron-up"
            onClick={[Function]}
          />
        </div>
        <div
          className="vote-tally"
        >
          votes  
          1
        </div>
        <div
          className="vote-down"
        >
          <i
            className="fa fa-chevron-down "
            onClick={[Function]}
          />
        </div>
      </div>
    </div>
    <div>
      <div>
        <NavLink
          activeClassName="active"
          ariaCurrent="true"
          className="article-title is-3"
          to="/articles/1"
        >
          Blue Moon
        </NavLink>
      </div>
      <div>
        <NavLink
          activeClassName="active"
          ariaCurrent="true"
          className="user-name is-4"
          to="/users/Erick Brook"
        >
          submitted by 
          Erick Brook
        </NavLink>
      </div>
    </div>
  </article>
</div>
`;
