// Jest Snapshot v1, https://goo.gl/fbAQLP

exports[`<Comment /> should render correctly 1`] = `
<section>
  <div
    className="comment"
  >
    <div
      className="vote"
    >
      <i
        className="fa fa-chevron-up vote-chevron"
        onClick={[Function]}
      />
      <div
        className="vote-tally"
      >
        votes 
        1
      </div>
      <i
        className="fa fa-chevron-down vote-chevron"
        onClick={[Function]}
      />
    </div>
    <NavLink
      activeClassName="active"
      ariaCurrent="true"
      className="author"
      to="/users/Erick Brook"
    >
       
      Erick Brook
    </NavLink>
    <div
      className="comment-body"
    >
      Blue Moon
    </div>
  </div>
</section>
`;
