// Jest Snapshot v1, https://goo.gl/fbAQLP

exports[`<TopicsHeader /> should render correctly 1`] = `
<div>
  <div
    id="nav"
  >
    <nav
      className="navbar"
    >
      <div
        className="container"
        id="navcontainer"
      >
        <div
          className="navbar-brand"
        >
          <div
            className="navbar-item"
            id="logo"
          >
            Northcoders News
          </div>
          <a
            onClick={[Function]}
          >
            <NavLink
              activeClassName="active"
              ariaCurrent="true"
              id="hamburger"
              to="/menu"
            >
              <span
                className="navbar-burger burger "
                data-target="navbarMenu"
                id="font-color-ham"
              >
                <span />
                <span />
                <span />
              </span>
            </NavLink>
          </a>
        </div>
        <div
          className="navbar-menu"
          id="navbarMenu"
        >
          <div
            className="navbar-end"
          >
            <NavLink
              activeClassName="active"
              ariaCurrent="true"
              className="navbar-item is-active"
              id="font-color"
              to="/"
            >
              HOME
            </NavLink>
          </div>
        </div>
      </div>
    </nav>
  </div>
</div>
`;
